{
  "Description": "Integration Test for aws-sns-sqs Standard Queue",
  "Resources": {
    "TestTopic339EC197": {
      "Type": "AWS::SNS::Topic",
      "Properties": {
        "DisplayName": "Customer subscription topic",
        "FifoTopic": false,
        "TopicName": "customerTopic"
      }
    },
    "testsnssqsdeadLetterQueue8DACC0A1": {
      "Type": "AWS::SQS::Queue",
      "Properties": {
        "KmsMasterKeyId": "alias/aws/sqs"
      },
      "UpdateReplacePolicy": "Delete",
      "DeletionPolicy": "Delete"
    },
    "testsnssqsdeadLetterQueuePolicyAB8A9883": {
      "Type": "AWS::SQS::QueuePolicy",
      "Properties": {
        "PolicyDocument": {
          "Statement": [
            {
              "Action": [
                "sqs:DeleteMessage",
                "sqs:ReceiveMessage",
                "sqs:SendMessage",
                "sqs:GetQueueAttributes",
                "sqs:RemovePermission",
                "sqs:AddPermission",
                "sqs:SetQueueAttributes"
              ],
              "Effect": "Allow",
              "Principal": {
                "AWS": {
                  "Fn::Join": [
                    "",
                    [
                      "arn:",
                      {
                        "Ref": "AWS::Partition"
                      },
                      ":iam::",
                      {
                        "Ref": "AWS::AccountId"
                      },
                      ":root"
                    ]
                  ]
                }
              },
              "Resource": {
                "Fn::GetAtt": [
                  "testsnssqsdeadLetterQueue8DACC0A1",
                  "Arn"
                ]
              },
              "Sid": "QueueOwnerOnlyAccess"
            },
            {
              "Action": "SQS:*",
              "Condition": {
                "Bool": {
                  "aws:SecureTransport": "false"
                }
              },
              "Effect": "Deny",
              "Principal": {
                "AWS": "*"
              },
              "Resource": {
                "Fn::GetAtt": [
                  "testsnssqsdeadLetterQueue8DACC0A1",
                  "Arn"
                ]
              },
              "Sid": "HttpsOnly"
            }
          ],
          "Version": "2012-10-17"
        },
        "Queues": [
          {
            "Ref": "testsnssqsdeadLetterQueue8DACC0A1"
          }
        ]
      }
    },
    "testsnssqsqueueB02504BF": {
      "Type": "AWS::SQS::Queue",
      "Properties": {
        "RedrivePolicy": {
          "deadLetterTargetArn": {
            "Fn::GetAtt": [
              "testsnssqsdeadLetterQueue8DACC0A1",
              "Arn"
            ]
          },
          "maxReceiveCount": 15
        }
      },
      "UpdateReplacePolicy": "Delete",
      "DeletionPolicy": "Delete"
    },
    "testsnssqsqueuePolicyE64464B6": {
      "Type": "AWS::SQS::QueuePolicy",
      "Properties": {
        "PolicyDocument": {
          "Statement": [
            {
              "Action": [
                "sqs:DeleteMessage",
                "sqs:ReceiveMessage",
                "sqs:SendMessage",
                "sqs:GetQueueAttributes",
                "sqs:RemovePermission",
                "sqs:AddPermission",
                "sqs:SetQueueAttributes"
              ],
              "Effect": "Allow",
              "Principal": {
                "AWS": {
                  "Fn::Join": [
                    "",
                    [
                      "arn:",
                      {
                        "Ref": "AWS::Partition"
                      },
                      ":iam::",
                      {
                        "Ref": "AWS::AccountId"
                      },
                      ":root"
                    ]
                  ]
                }
              },
              "Resource": {
                "Fn::GetAtt": [
                  "testsnssqsqueueB02504BF",
                  "Arn"
                ]
              },
              "Sid": "QueueOwnerOnlyAccess"
            },
            {
              "Action": "SQS:*",
              "Condition": {
                "Bool": {
                  "aws:SecureTransport": "false"
                }
              },
              "Effect": "Deny",
              "Principal": {
                "AWS": "*"
              },
              "Resource": {
                "Fn::GetAtt": [
                  "testsnssqsqueueB02504BF",
                  "Arn"
                ]
              },
              "Sid": "HttpsOnly"
            },
            {
              "Action": "sqs:SendMessage",
              "Condition": {
                "ArnEquals": {
                  "aws:SourceArn": {
                    "Ref": "TestTopic339EC197"
                  }
                }
              },
              "Effect": "Allow",
              "Principal": {
                "Service": "sns.amazonaws.com"
              },
              "Resource": {
                "Fn::GetAtt": [
                  "testsnssqsqueueB02504BF",
                  "Arn"
                ]
              }
            }
          ],
          "Version": "2012-10-17"
        },
        "Queues": [
          {
            "Ref": "testsnssqsqueueB02504BF"
          }
        ]
      }
    },
    "testsnssqsqueuedeployStandardQueueTestTopic883C28A0E3343345": {
      "Type": "AWS::SNS::Subscription",
      "Properties": {
        "Protocol": "sqs",
        "TopicArn": {
          "Ref": "TestTopic339EC197"
        },
        "Endpoint": {
          "Fn::GetAtt": [
            "testsnssqsqueueB02504BF",
            "Arn"
          ]
        }
      }
    }
  }
}