{
  "Resources": {
    "testdynamodbstreamslambdaelasticsearchkibanaDynamoDBStreamsToLambdaLambdaFunctionServiceRole49C7D76D": {
      "Type": "AWS::IAM::Role",
      "Properties": {
        "AssumeRolePolicyDocument": {
          "Statement": [
            {
              "Action": "sts:AssumeRole",
              "Effect": "Allow",
              "Principal": {
                "Service": "lambda.amazonaws.com"
              }
            }
          ],
          "Version": "2012-10-17"
        },
        "Policies": [
          {
            "PolicyDocument": {
              "Statement": [
                {
                  "Action": [
                    "logs:CreateLogGroup",
                    "logs:CreateLogStream",
                    "logs:PutLogEvents"
                  ],
                  "Effect": "Allow",
                  "Resource": {
                    "Fn::Join": [
                      "",
                      [
                        "arn:",
                        {
                          "Ref": "AWS::Partition"
                        },
                        ":logs:",
                        {
                          "Ref": "AWS::Region"
                        },
                        ":",
                        {
                          "Ref": "AWS::AccountId"
                        },
                        ":log-group:/aws/lambda/*"
                      ]
                    ]
                  }
                }
              ],
              "Version": "2012-10-17"
            },
            "PolicyName": "LambdaFunctionServiceRolePolicy"
          }
        ]
      }
    },
    "testdynamodbstreamslambdaelasticsearchkibanaDynamoDBStreamsToLambdaLambdaFunctionServiceRoleDefaultPolicyA5C38FE5": {
      "Type": "AWS::IAM::Policy",
      "Properties": {
        "PolicyDocument": {
          "Statement": [
            {
              "Action": [
                "xray:PutTraceSegments",
                "xray:PutTelemetryRecords"
              ],
              "Effect": "Allow",
              "Resource": "*"
            },
            {
              "Action": "dynamodb:ListStreams",
              "Effect": "Allow",
              "Resource": "*"
            },
            {
              "Action": [
                "dynamodb:DescribeStream",
                "dynamodb:GetRecords",
                "dynamodb:GetShardIterator"
              ],
              "Effect": "Allow",
              "Resource": {
                "Fn::GetAtt": [
                  "testdynamodbstreamslambdaelasticsearchkibanaDynamoDBStreamsToLambdaDynamoTable01C2A3EA",
                  "StreamArn"
                ]
              }
            },
            {
              "Action": [
                "sqs:SendMessage",
                "sqs:GetQueueAttributes",
                "sqs:GetQueueUrl"
              ],
              "Effect": "Allow",
              "Resource": {
                "Fn::GetAtt": [
                  "testdynamodbstreamslambdaelasticsearchkibanaDynamoDBStreamsToLambdaSqsDlqQueueA6201B27",
                  "Arn"
                ]
              }
            }
          ],
          "Version": "2012-10-17"
        },
        "PolicyName": "testdynamodbstreamslambdaelasticsearchkibanaDynamoDBStreamsToLambdaLambdaFunctionServiceRoleDefaultPolicyA5C38FE5",
        "Roles": [
          {
            "Ref": "testdynamodbstreamslambdaelasticsearchkibanaDynamoDBStreamsToLambdaLambdaFunctionServiceRole49C7D76D"
          }
        ]
      },
      "Metadata": {
        "cfn_nag": {
          "rules_to_suppress": [
            {
              "id": "W12",
              "reason": "Lambda needs the following minimum required permissions to send trace data to X-Ray and access ENIs in a VPC."
            }
          ]
        }
      }
    },
    "testdynamodbstreamslambdaelasticsearchkibanaDynamoDBStreamsToLambdaLambdaFunction9D448DF2": {
      "Type": "AWS::Lambda::Function",
      "Properties": {
        "Code": {
          "S3Bucket": {
            "Fn::Sub": "cdk-hnb659fds-assets-${AWS::AccountId}-${AWS::Region}"
          },
          "S3Key": "92927de5fcc3aea277bddecb845bee318fb502f7375daedbdafb72c0400bc197.zip"
        },
        "Role": {
          "Fn::GetAtt": [
            "testdynamodbstreamslambdaelasticsearchkibanaDynamoDBStreamsToLambdaLambdaFunctionServiceRole49C7D76D",
            "Arn"
          ]
        },
        "Environment": {
          "Variables": {
            "AWS_NODEJS_CONNECTION_REUSE_ENABLED": "1",
            "DOMAIN_ENDPOINT": {
              "Fn::GetAtt": [
                "testdynamodbstreamslambdaelasticsearchkibanaLambdaToElasticSearchElasticsearchDomain95C7AE21",
                "DomainEndpoint"
              ]
            }
          }
        },
        "Handler": "index.handler",
        "Runtime": "nodejs12.x",
        "TracingConfig": {
          "Mode": "Active"
        }
      },
      "DependsOn": [
        "testdynamodbstreamslambdaelasticsearchkibanaDynamoDBStreamsToLambdaLambdaFunctionServiceRoleDefaultPolicyA5C38FE5",
        "testdynamodbstreamslambdaelasticsearchkibanaDynamoDBStreamsToLambdaLambdaFunctionServiceRole49C7D76D"
      ],
      "Metadata": {
        "cfn_nag": {
          "rules_to_suppress": [
            {
              "id": "W58",
              "reason": "Lambda functions has the required permission to write CloudWatch Logs. It uses custom policy instead of arn:aws:iam::aws:policy/service-role/AWSLambdaBasicExecutionRole with tighter permissions."
            },
            {
              "id": "W89",
              "reason": "This is not a rule for the general case, just for specific use cases/industries"
            },
            {
              "id": "W92",
              "reason": "Impossible for us to define the correct concurrency for clients"
            }
          ]
        }
      }
    },
    "testdynamodbstreamslambdaelasticsearchkibanaDynamoDBStreamsToLambdaLambdaFunctionDynamoDBEventSourcenoargumentstestdynamodbstreamslambdaelasticsearchkibanaDynamoDBStreamsToLambdaDynamoTable68C2E0EE9D61DC78": {
      "Type": "AWS::Lambda::EventSourceMapping",
      "Properties": {
        "FunctionName": {
          "Ref": "testdynamodbstreamslambdaelasticsearchkibanaDynamoDBStreamsToLambdaLambdaFunction9D448DF2"
        },
        "BatchSize": 100,
        "BisectBatchOnFunctionError": true,
        "DestinationConfig": {
          "OnFailure": {
            "Destination": {
              "Fn::GetAtt": [
                "testdynamodbstreamslambdaelasticsearchkibanaDynamoDBStreamsToLambdaSqsDlqQueueA6201B27",
                "Arn"
              ]
            }
          }
        },
        "EventSourceArn": {
          "Fn::GetAtt": [
            "testdynamodbstreamslambdaelasticsearchkibanaDynamoDBStreamsToLambdaDynamoTable01C2A3EA",
            "StreamArn"
          ]
        },
        "MaximumRecordAgeInSeconds": 86400,
        "MaximumRetryAttempts": 500,
        "StartingPosition": "TRIM_HORIZON"
      }
    },
    "testdynamodbstreamslambdaelasticsearchkibanaDynamoDBStreamsToLambdaDynamoTable01C2A3EA": {
      "Type": "AWS::DynamoDB::Table",
      "Properties": {
        "KeySchema": [
          {
            "AttributeName": "id",
            "KeyType": "HASH"
          }
        ],
        "AttributeDefinitions": [
          {
            "AttributeName": "id",
            "AttributeType": "S"
          }
        ],
        "BillingMode": "PAY_PER_REQUEST",
        "PointInTimeRecoverySpecification": {
          "PointInTimeRecoveryEnabled": true
        },
        "SSESpecification": {
          "SSEEnabled": true
        },
        "StreamSpecification": {
          "StreamViewType": "NEW_AND_OLD_IMAGES"
        }
      },
      "UpdateReplacePolicy": "Retain",
      "DeletionPolicy": "Retain"
    },
    "testdynamodbstreamslambdaelasticsearchkibanaDynamoDBStreamsToLambdaSqsDlqQueueA6201B27": {
      "Type": "AWS::SQS::Queue",
      "Properties": {
        "KmsMasterKeyId": "alias/aws/sqs"
      },
      "UpdateReplacePolicy": "Delete",
      "DeletionPolicy": "Delete"
    },
    "testdynamodbstreamslambdaelasticsearchkibanaDynamoDBStreamsToLambdaSqsDlqQueuePolicyDCDFE4E3": {
      "Type": "AWS::SQS::QueuePolicy",
      "Properties": {
        "PolicyDocument": {
          "Statement": [
            {
              "Action": [
                "sqs:DeleteMessage",
                "sqs:ReceiveMessage",
                "sqs:SendMessage",
                "sqs:GetQueueAttributes",
                "sqs:RemovePermission",
                "sqs:AddPermission",
                "sqs:SetQueueAttributes"
              ],
              "Effect": "Allow",
              "Principal": {
                "AWS": {
                  "Fn::Join": [
                    "",
                    [
                      "arn:",
                      {
                        "Ref": "AWS::Partition"
                      },
                      ":iam::",
                      {
                        "Ref": "AWS::AccountId"
                      },
                      ":root"
                    ]
                  ]
                }
              },
              "Resource": {
                "Fn::GetAtt": [
                  "testdynamodbstreamslambdaelasticsearchkibanaDynamoDBStreamsToLambdaSqsDlqQueueA6201B27",
                  "Arn"
                ]
              },
              "Sid": "QueueOwnerOnlyAccess"
            },
            {
              "Action": "SQS:*",
              "Condition": {
                "Bool": {
                  "aws:SecureTransport": "false"
                }
              },
              "Effect": "Deny",
              "Principal": {
                "AWS": "*"
              },
              "Resource": {
                "Fn::GetAtt": [
                  "testdynamodbstreamslambdaelasticsearchkibanaDynamoDBStreamsToLambdaSqsDlqQueueA6201B27",
                  "Arn"
                ]
              },
              "Sid": "HttpsOnly"
            }
          ],
          "Version": "2012-10-17"
        },
        "Queues": [
          {
            "Ref": "testdynamodbstreamslambdaelasticsearchkibanaDynamoDBStreamsToLambdaSqsDlqQueueA6201B27"
          }
        ]
      }
    },
    "testdynamodbstreamslambdaelasticsearchkibanaLambdaToElasticSearchCognitoUserPool896F8E42": {
      "Type": "AWS::Cognito::UserPool",
      "Properties": {
        "AccountRecoverySetting": {
          "RecoveryMechanisms": [
            {
              "Name": "verified_phone_number",
              "Priority": 1
            },
            {
              "Name": "verified_email",
              "Priority": 2
            }
          ]
        },
        "AdminCreateUserConfig": {
          "AllowAdminCreateUserOnly": true
        },
        "EmailVerificationMessage": "The verification code to your new account is {####}",
        "EmailVerificationSubject": "Verify your new account",
        "SmsVerificationMessage": "The verification code to your new account is {####}",
        "UserPoolAddOns": {
          "AdvancedSecurityMode": "ENFORCED"
        },
        "VerificationMessageTemplate": {
          "DefaultEmailOption": "CONFIRM_WITH_CODE",
          "EmailMessage": "The verification code to your new account is {####}",
          "EmailSubject": "Verify your new account",
          "SmsMessage": "The verification code to your new account is {####}"
        }
      },
      "UpdateReplacePolicy": "Retain",
      "DeletionPolicy": "Retain"
    },
    "testdynamodbstreamslambdaelasticsearchkibanaLambdaToElasticSearchCognitoUserPoolClientAC3FEC03": {
      "Type": "AWS::Cognito::UserPoolClient",
      "Properties": {
        "UserPoolId": {
          "Ref": "testdynamodbstreamslambdaelasticsearchkibanaLambdaToElasticSearchCognitoUserPool896F8E42"
        },
        "AllowedOAuthFlows": [
          "implicit",
          "code"
        ],
        "AllowedOAuthFlowsUserPoolClient": true,
        "AllowedOAuthScopes": [
          "profile",
          "phone",
          "email",
          "openid",
          "aws.cognito.signin.user.admin"
        ],
        "CallbackURLs": [
          "https://example.com"
        ],
        "SupportedIdentityProviders": [
          "COGNITO"
        ]
      }
    },
    "testdynamodbstreamslambdaelasticsearchkibanaLambdaToElasticSearchCognitoIdentityPool5D6B81F7": {
      "Type": "AWS::Cognito::IdentityPool",
      "Properties": {
        "AllowUnauthenticatedIdentities": false,
        "CognitoIdentityProviders": [
          {
            "ClientId": {
              "Ref": "testdynamodbstreamslambdaelasticsearchkibanaLambdaToElasticSearchCognitoUserPoolClientAC3FEC03"
            },
            "ProviderName": {
              "Fn::GetAtt": [
                "testdynamodbstreamslambdaelasticsearchkibanaLambdaToElasticSearchCognitoUserPool896F8E42",
                "ProviderName"
              ]
            },
            "ServerSideTokenCheck": true
          }
        ]
      }
    },
    "testdynamodbstreamslambdaelasticsearchkibanaLambdaToElasticSearchUserPoolDomain9242DAB1": {
      "Type": "AWS::Cognito::UserPoolDomain",
      "Properties": {
        "Domain": "pooldomaintest",
        "UserPoolId": {
          "Ref": "testdynamodbstreamslambdaelasticsearchkibanaLambdaToElasticSearchCognitoUserPool896F8E42"
        }
      },
      "DependsOn": [
        "testdynamodbstreamslambdaelasticsearchkibanaLambdaToElasticSearchCognitoUserPool896F8E42"
      ]
    },
    "testdynamodbstreamslambdaelasticsearchkibanaLambdaToElasticSearchCognitoAuthorizedRole2E4A835B": {
      "Type": "AWS::IAM::Role",
      "Properties": {
        "AssumeRolePolicyDocument": {
          "Statement": [
            {
              "Action": "sts:AssumeRoleWithWebIdentity",
              "Condition": {
                "StringEquals": {
                  "cognito-identity.amazonaws.com:aud": {
                    "Ref": "testdynamodbstreamslambdaelasticsearchkibanaLambdaToElasticSearchCognitoIdentityPool5D6B81F7"
                  }
                },
                "ForAnyValue:StringLike": {
                  "cognito-identity.amazonaws.com:amr": "authenticated"
                }
              },
              "Effect": "Allow",
              "Principal": {
                "Federated": "cognito-identity.amazonaws.com"
              }
            }
          ],
          "Version": "2012-10-17"
        },
        "Policies": [
          {
            "PolicyDocument": {
              "Statement": [
                {
                  "Action": "es:ESHttp*",
                  "Effect": "Allow",
                  "Resource": {
                    "Fn::Join": [
                      "",
                      [
                        "arn:",
                        {
                          "Ref": "AWS::Partition"
                        },
                        ":es:",
                        {
                          "Ref": "AWS::Region"
                        },
                        ":",
                        {
                          "Ref": "AWS::AccountId"
                        },
                        ":domain/pooldomaintest/*"
                      ]
                    ]
                  }
                }
              ],
              "Version": "2012-10-17"
            },
            "PolicyName": "CognitoAccessPolicy"
          }
        ]
      }
    },
    "testdynamodbstreamslambdaelasticsearchkibanaLambdaToElasticSearchIdentityPoolRoleMapping32375819": {
      "Type": "AWS::Cognito::IdentityPoolRoleAttachment",
      "Properties": {
        "IdentityPoolId": {
          "Ref": "testdynamodbstreamslambdaelasticsearchkibanaLambdaToElasticSearchCognitoIdentityPool5D6B81F7"
        },
        "Roles": {
          "authenticated": {
            "Fn::GetAtt": [
              "testdynamodbstreamslambdaelasticsearchkibanaLambdaToElasticSearchCognitoAuthorizedRole2E4A835B",
              "Arn"
            ]
          }
        }
      }
    },
    "testdynamodbstreamslambdaelasticsearchkibanaLambdaToElasticSearchCognitoKibanaConfigureRole94D98C35": {
      "Type": "AWS::IAM::Role",
      "Properties": {
        "AssumeRolePolicyDocument": {
          "Statement": [
            {
              "Action": "sts:AssumeRole",
              "Effect": "Allow",
              "Principal": {
                "Service": "es.amazonaws.com"
              }
            }
          ],
          "Version": "2012-10-17"
        }
      }
    },
    "testdynamodbstreamslambdaelasticsearchkibanaLambdaToElasticSearchCognitoKibanaConfigureRolePolicyF3F9B7C0": {
      "Type": "AWS::IAM::Policy",
      "Properties": {
        "PolicyDocument": {
          "Statement": [
            {
              "Action": [
                "cognito-idp:DescribeUserPool",
                "cognito-idp:CreateUserPoolClient",
                "cognito-idp:DeleteUserPoolClient",
                "cognito-idp:DescribeUserPoolClient",
                "cognito-idp:AdminInitiateAuth",
                "cognito-idp:AdminUserGlobalSignOut",
                "cognito-idp:ListUserPoolClients",
                "cognito-identity:DescribeIdentityPool",
                "cognito-identity:UpdateIdentityPool",
                "cognito-identity:SetIdentityPoolRoles",
                "cognito-identity:GetIdentityPoolRoles",
                "es:UpdateElasticsearchDomainConfig"
              ],
              "Effect": "Allow",
              "Resource": [
                {
                  "Fn::GetAtt": [
                    "testdynamodbstreamslambdaelasticsearchkibanaLambdaToElasticSearchCognitoUserPool896F8E42",
                    "Arn"
                  ]
                },
                {
                  "Fn::Join": [
                    "",
                    [
                      "arn:aws:cognito-identity:",
                      {
                        "Ref": "AWS::Region"
                      },
                      ":",
                      {
                        "Ref": "AWS::AccountId"
                      },
                      ":identitypool/",
                      {
                        "Ref": "testdynamodbstreamslambdaelasticsearchkibanaLambdaToElasticSearchCognitoIdentityPool5D6B81F7"
                      }
                    ]
                  ]
                },
                {
                  "Fn::Join": [
                    "",
                    [
                      "arn:aws:es:",
                      {
                        "Ref": "AWS::Region"
                      },
                      ":",
                      {
                        "Ref": "AWS::AccountId"
                      },
                      ":domain/domaintest"
                    ]
                  ]
                }
              ]
            },
            {
              "Action": "iam:PassRole",
              "Condition": {
                "StringLike": {
                  "iam:PassedToService": "cognito-identity.amazonaws.com"
                }
              },
              "Effect": "Allow",
              "Resource": {
                "Fn::GetAtt": [
                  "testdynamodbstreamslambdaelasticsearchkibanaLambdaToElasticSearchCognitoKibanaConfigureRole94D98C35",
                  "Arn"
                ]
              }
            }
          ],
          "Version": "2012-10-17"
        },
        "PolicyName": "testdynamodbstreamslambdaelasticsearchkibanaLambdaToElasticSearchCognitoKibanaConfigureRolePolicyF3F9B7C0",
        "Roles": [
          {
            "Ref": "testdynamodbstreamslambdaelasticsearchkibanaLambdaToElasticSearchCognitoKibanaConfigureRole94D98C35"
          }
        ]
      }
    },
    "testdynamodbstreamslambdaelasticsearchkibanaLambdaToElasticSearchElasticsearchDomain95C7AE21": {
      "Type": "AWS::Elasticsearch::Domain",
      "Properties": {
        "AccessPolicies": {
          "Statement": [
            {
              "Action": "es:ESHttp*",
              "Effect": "Allow",
              "Principal": {
                "AWS": [
                  {
                    "Fn::GetAtt": [
                      "testdynamodbstreamslambdaelasticsearchkibanaLambdaToElasticSearchCognitoAuthorizedRole2E4A835B",
                      "Arn"
                    ]
                  },
                  {
                    "Fn::GetAtt": [
                      "testdynamodbstreamslambdaelasticsearchkibanaDynamoDBStreamsToLambdaLambdaFunctionServiceRole49C7D76D",
                      "Arn"
                    ]
                  }
                ]
              },
              "Resource": {
                "Fn::Join": [
                  "",
                  [
                    "arn:aws:es:",
                    {
                      "Ref": "AWS::Region"
                    },
                    ":",
                    {
                      "Ref": "AWS::AccountId"
                    },
                    ":domain/domaintest/*"
                  ]
                ]
              }
            }
          ],
          "Version": "2012-10-17"
        },
        "CognitoOptions": {
          "Enabled": true,
          "IdentityPoolId": {
            "Ref": "testdynamodbstreamslambdaelasticsearchkibanaLambdaToElasticSearchCognitoIdentityPool5D6B81F7"
          },
          "RoleArn": {
            "Fn::GetAtt": [
              "testdynamodbstreamslambdaelasticsearchkibanaLambdaToElasticSearchCognitoKibanaConfigureRole94D98C35",
              "Arn"
            ]
          },
          "UserPoolId": {
            "Ref": "testdynamodbstreamslambdaelasticsearchkibanaLambdaToElasticSearchCognitoUserPool896F8E42"
          }
        },
        "DomainName": "domaintest",
        "EBSOptions": {
          "EBSEnabled": true,
          "VolumeSize": 10
        },
        "ElasticsearchClusterConfig": {
          "DedicatedMasterCount": 3,
          "DedicatedMasterEnabled": true,
          "InstanceCount": 3,
          "ZoneAwarenessConfig": {
            "AvailabilityZoneCount": 3
          },
          "ZoneAwarenessEnabled": true
        },
        "ElasticsearchVersion": "6.3",
        "EncryptionAtRestOptions": {
          "Enabled": true
        },
        "NodeToNodeEncryptionOptions": {
          "Enabled": true
        },
        "SnapshotOptions": {
          "AutomatedSnapshotStartHour": 1
        }
      },
      "Metadata": {
        "cfn_nag": {
          "rules_to_suppress": [
            {
              "id": "W28",
              "reason": "The ES Domain is passed dynamically as as parameter and explicitly specified to ensure that IAM policies are configured to lockdown access to this specific ES instance only"
            },
            {
              "id": "W90",
              "reason": "This is not a rule for the general case, just for specific use cases/industries"
            }
          ]
        }
      }
    },
    "testdynamodbstreamslambdaelasticsearchkibanaLambdaToElasticSearchStatusRedAlarm6B37C282": {
      "Type": "AWS::CloudWatch::Alarm",
      "Properties": {
        "ComparisonOperator": "GreaterThanOrEqualToThreshold",
        "EvaluationPeriods": 1,
        "AlarmDescription": "At least one primary shard and its replicas are not allocated to a node. ",
        "MetricName": "ClusterStatus.red",
        "Namespace": "AWS/ES",
        "Period": 60,
        "Statistic": "Maximum",
        "Threshold": 1
      }
    },
    "testdynamodbstreamslambdaelasticsearchkibanaLambdaToElasticSearchStatusYellowAlarm5998D97A": {
      "Type": "AWS::CloudWatch::Alarm",
      "Properties": {
        "ComparisonOperator": "GreaterThanOrEqualToThreshold",
        "EvaluationPeriods": 1,
        "AlarmDescription": "At least one replica shard is not allocated to a node.",
        "MetricName": "ClusterStatus.yellow",
        "Namespace": "AWS/ES",
        "Period": 60,
        "Statistic": "Maximum",
        "Threshold": 1
      }
    },
    "testdynamodbstreamslambdaelasticsearchkibanaLambdaToElasticSearchFreeStorageSpaceTooLowAlarm85D25D44": {
      "Type": "AWS::CloudWatch::Alarm",
      "Properties": {
        "ComparisonOperator": "LessThanOrEqualToThreshold",
        "EvaluationPeriods": 1,
        "AlarmDescription": "A node in your cluster is down to 20 GiB of free storage space.",
        "MetricName": "FreeStorageSpace",
        "Namespace": "AWS/ES",
        "Period": 60,
        "Statistic": "Minimum",
        "Threshold": 20000
      }
    },
    "testdynamodbstreamslambdaelasticsearchkibanaLambdaToElasticSearchIndexWritesBlockedTooHighAlarm056FD9D8": {
      "Type": "AWS::CloudWatch::Alarm",
      "Properties": {
        "ComparisonOperator": "GreaterThanOrEqualToThreshold",
        "EvaluationPeriods": 1,
        "AlarmDescription": "Your cluster is blocking write requests.",
        "MetricName": "ClusterIndexWritesBlocked",
        "Namespace": "AWS/ES",
        "Period": 300,
        "Statistic": "Maximum",
        "Threshold": 1
      }
    },
    "testdynamodbstreamslambdaelasticsearchkibanaLambdaToElasticSearchAutomatedSnapshotFailureTooHighAlarm0E6B13B5": {
      "Type": "AWS::CloudWatch::Alarm",
      "Properties": {
        "ComparisonOperator": "GreaterThanOrEqualToThreshold",
        "EvaluationPeriods": 1,
        "AlarmDescription": "An automated snapshot failed. This failure is often the result of a red cluster health status.",
        "MetricName": "AutomatedSnapshotFailure",
        "Namespace": "AWS/ES",
        "Period": 60,
        "Statistic": "Maximum",
        "Threshold": 1
      }
    },
    "testdynamodbstreamslambdaelasticsearchkibanaLambdaToElasticSearchCPUUtilizationTooHighAlarmCAE1AA10": {
      "Type": "AWS::CloudWatch::Alarm",
      "Properties": {
        "ComparisonOperator": "GreaterThanOrEqualToThreshold",
        "EvaluationPeriods": 3,
        "AlarmDescription": "100% CPU utilization is not uncommon, but sustained high usage is problematic. Consider using larger instance types or adding instances.",
        "MetricName": "CPUUtilization",
        "Namespace": "AWS/ES",
        "Period": 900,
        "Statistic": "Average",
        "Threshold": 80
      }
    },
    "testdynamodbstreamslambdaelasticsearchkibanaLambdaToElasticSearchJVMMemoryPressureTooHighAlarmD536DCA6": {
      "Type": "AWS::CloudWatch::Alarm",
      "Properties": {
        "ComparisonOperator": "GreaterThanOrEqualToThreshold",
        "EvaluationPeriods": 1,
        "AlarmDescription": "Average JVM memory pressure over last 15 minutes too high. Consider scaling vertically.",
        "MetricName": "JVMMemoryPressure",
        "Namespace": "AWS/ES",
        "Period": 900,
        "Statistic": "Average",
        "Threshold": 80
      }
    },
    "testdynamodbstreamslambdaelasticsearchkibanaLambdaToElasticSearchMasterCPUUtilizationTooHighAlarm93FE4D89": {
      "Type": "AWS::CloudWatch::Alarm",
      "Properties": {
        "ComparisonOperator": "GreaterThanOrEqualToThreshold",
        "EvaluationPeriods": 3,
        "AlarmDescription": "Average CPU utilization over last 45 minutes too high. Consider using larger instance types for your dedicated master nodes.",
        "MetricName": "MasterCPUUtilization",
        "Namespace": "AWS/ES",
        "Period": 900,
        "Statistic": "Average",
        "Threshold": 50
      }
    },
    "testdynamodbstreamslambdaelasticsearchkibanaLambdaToElasticSearchMasterJVMMemoryPressureTooHighAlarm9E85CE77": {
      "Type": "AWS::CloudWatch::Alarm",
      "Properties": {
        "ComparisonOperator": "GreaterThanOrEqualToThreshold",
        "EvaluationPeriods": 1,
        "AlarmDescription": "Average JVM memory pressure over last 15 minutes too high. Consider scaling vertically.",
        "MetricName": "MasterJVMMemoryPressure",
        "Namespace": "AWS/ES",
        "Period": 900,
        "Statistic": "Average",
        "Threshold": 50
      }
    }
  },
  "Parameters": {
    "BootstrapVersion": {
      "Type": "AWS::SSM::Parameter::Value<String>",
      "Default": "/cdk-bootstrap/hnb659fds/version",
      "Description": "Version of the CDK Bootstrap resources in this environment, automatically retrieved from SSM Parameter Store."
    }
  },
  "Rules": {
    "CheckBootstrapVersion": {
      "Assertions": [
        {
          "Assert": {
            "Fn::Not": [
              {
                "Fn::Contains": [
                  [
                    "1",
                    "2",
                    "3",
                    "4",
                    "5"
                  ],
                  {
                    "Ref": "BootstrapVersion"
                  }
                ]
              }
            ]
          },
          "AssertDescription": "CDK bootstrap stack version 6 required. Please run 'cdk bootstrap' with a recent version of the CDK CLI."
        }
      ]
    }
  }
}