{
  "Resources": {
    "Route53ToAlbPatternRoute53ToAlbPatternzone1F6E151A": {
      "Type": "AWS::Route53::HostedZone",
      "Properties": {
        "Name": "www.example.com.",
        "VPCs": [
          {
            "VPCId": {
              "Ref": "Vpc8378EB38"
            },
            "VPCRegion": {
              "Ref": "AWS::Region"
            }
          }
        ]
      }
    },
    "Route53ToAlbPatternRoute53ToAlbPatternalb079FB48A": {
      "Type": "AWS::ElasticLoadBalancingV2::LoadBalancer",
      "Properties": {
        "LoadBalancerAttributes": [
          {
            "Key": "deletion_protection.enabled",
            "Value": "false"
          }
        ],
        "Scheme": "internal",
        "SecurityGroups": [
          {
            "Fn::GetAtt": [
              "Route53ToAlbPatternRoute53ToAlbPatternalbSecurityGroup697C26A0",
              "GroupId"
            ]
          }
        ],
        "Subnets": [
          {
            "Ref": "VpcisolatedSubnet1SubnetE62B1B9B"
          },
          {
            "Ref": "VpcisolatedSubnet2Subnet39217055"
          },
          {
            "Ref": "VpcisolatedSubnet3Subnet44F2537D"
          }
        ],
        "Type": "application"
      }
    },
    "Route53ToAlbPatternRoute53ToAlbPatternalbSecurityGroup697C26A0": {
      "Type": "AWS::EC2::SecurityGroup",
      "Properties": {
        "GroupDescription": "Automatically created Security Group for ELB noargumentsRoute53ToAlbPatternRoute53ToAlbPatternalbD6BA8CE0",
        "SecurityGroupEgress": [
          {
            "CidrIp": "255.255.255.255/32",
            "Description": "Disallow all traffic",
            "FromPort": 252,
            "IpProtocol": "icmp",
            "ToPort": 86
          }
        ],
        "VpcId": {
          "Ref": "Vpc8378EB38"
        }
      }
    },
    "Route53ToAlbPatternRoute53ToAlbPatternalias671A869A": {
      "Type": "AWS::Route53::RecordSet",
      "Properties": {
        "Name": "www.example.com.",
        "Type": "A",
        "AliasTarget": {
          "DNSName": {
            "Fn::Join": [
              "",
              [
                "dualstack.",
                {
                  "Fn::GetAtt": [
                    "Route53ToAlbPatternRoute53ToAlbPatternalb079FB48A",
                    "DNSName"
                  ]
                }
              ]
            ]
          },
          "HostedZoneId": {
            "Fn::GetAtt": [
              "Route53ToAlbPatternRoute53ToAlbPatternalb079FB48A",
              "CanonicalHostedZoneID"
            ]
          }
        },
        "HostedZoneId": {
          "Ref": "Route53ToAlbPatternRoute53ToAlbPatternzone1F6E151A"
        }
      }
    },
    "Vpc8378EB38": {
      "Type": "AWS::EC2::VPC",
      "Properties": {
        "CidrBlock": "10.0.0.0/16",
        "EnableDnsHostnames": true,
        "EnableDnsSupport": true,
        "InstanceTenancy": "default",
        "Tags": [
          {
            "Key": "Name",
            "Value": "no-arguments/Vpc"
          }
        ]
      }
    },
    "VpcisolatedSubnet1SubnetE62B1B9B": {
      "Type": "AWS::EC2::Subnet",
      "Properties": {
        "CidrBlock": "10.0.0.0/18",
        "VpcId": {
          "Ref": "Vpc8378EB38"
        },
        "AvailabilityZone": "test-region-1a",
        "MapPublicIpOnLaunch": false,
        "Tags": [
          {
            "Key": "aws-cdk:subnet-name",
            "Value": "isolated"
          },
          {
            "Key": "aws-cdk:subnet-type",
            "Value": "Isolated"
          },
          {
            "Key": "Name",
            "Value": "no-arguments/Vpc/isolatedSubnet1"
          }
        ]
      }
    },
    "VpcisolatedSubnet1RouteTableE442650B": {
      "Type": "AWS::EC2::RouteTable",
      "Properties": {
        "VpcId": {
          "Ref": "Vpc8378EB38"
        },
        "Tags": [
          {
            "Key": "Name",
            "Value": "no-arguments/Vpc/isolatedSubnet1"
          }
        ]
      }
    },
    "VpcisolatedSubnet1RouteTableAssociationD259E31A": {
      "Type": "AWS::EC2::SubnetRouteTableAssociation",
      "Properties": {
        "RouteTableId": {
          "Ref": "VpcisolatedSubnet1RouteTableE442650B"
        },
        "SubnetId": {
          "Ref": "VpcisolatedSubnet1SubnetE62B1B9B"
        }
      }
    },
    "VpcisolatedSubnet2Subnet39217055": {
      "Type": "AWS::EC2::Subnet",
      "Properties": {
        "CidrBlock": "10.0.64.0/18",
        "VpcId": {
          "Ref": "Vpc8378EB38"
        },
        "AvailabilityZone": "test-region-1b",
        "MapPublicIpOnLaunch": false,
        "Tags": [
          {
            "Key": "aws-cdk:subnet-name",
            "Value": "isolated"
          },
          {
            "Key": "aws-cdk:subnet-type",
            "Value": "Isolated"
          },
          {
            "Key": "Name",
            "Value": "no-arguments/Vpc/isolatedSubnet2"
          }
        ]
      }
    },
    "VpcisolatedSubnet2RouteTable334F9764": {
      "Type": "AWS::EC2::RouteTable",
      "Properties": {
        "VpcId": {
          "Ref": "Vpc8378EB38"
        },
        "Tags": [
          {
            "Key": "Name",
            "Value": "no-arguments/Vpc/isolatedSubnet2"
          }
        ]
      }
    },
    "VpcisolatedSubnet2RouteTableAssociation25A4716F": {
      "Type": "AWS::EC2::SubnetRouteTableAssociation",
      "Properties": {
        "RouteTableId": {
          "Ref": "VpcisolatedSubnet2RouteTable334F9764"
        },
        "SubnetId": {
          "Ref": "VpcisolatedSubnet2Subnet39217055"
        }
      }
    },
    "VpcisolatedSubnet3Subnet44F2537D": {
      "Type": "AWS::EC2::Subnet",
      "Properties": {
        "CidrBlock": "10.0.128.0/18",
        "VpcId": {
          "Ref": "Vpc8378EB38"
        },
        "AvailabilityZone": "test-region-1c",
        "MapPublicIpOnLaunch": false,
        "Tags": [
          {
            "Key": "aws-cdk:subnet-name",
            "Value": "isolated"
          },
          {
            "Key": "aws-cdk:subnet-type",
            "Value": "Isolated"
          },
          {
            "Key": "Name",
            "Value": "no-arguments/Vpc/isolatedSubnet3"
          }
        ]
      }
    },
    "VpcisolatedSubnet3RouteTableA2F6BBC0": {
      "Type": "AWS::EC2::RouteTable",
      "Properties": {
        "VpcId": {
          "Ref": "Vpc8378EB38"
        },
        "Tags": [
          {
            "Key": "Name",
            "Value": "no-arguments/Vpc/isolatedSubnet3"
          }
        ]
      }
    },
    "VpcisolatedSubnet3RouteTableAssociationDC010BEB": {
      "Type": "AWS::EC2::SubnetRouteTableAssociation",
      "Properties": {
        "RouteTableId": {
          "Ref": "VpcisolatedSubnet3RouteTableA2F6BBC0"
        },
        "SubnetId": {
          "Ref": "VpcisolatedSubnet3Subnet44F2537D"
        }
      }
    },
    "VpcFlowLogIAMRole6A475D41": {
      "Type": "AWS::IAM::Role",
      "Properties": {
        "AssumeRolePolicyDocument": {
          "Statement": [
            {
              "Action": "sts:AssumeRole",
              "Effect": "Allow",
              "Principal": {
                "Service": "vpc-flow-logs.amazonaws.com"
              }
            }
          ],
          "Version": "2012-10-17"
        },
        "Tags": [
          {
            "Key": "Name",
            "Value": "no-arguments/Vpc"
          }
        ]
      }
    },
    "VpcFlowLogIAMRoleDefaultPolicy406FB995": {
      "Type": "AWS::IAM::Policy",
      "Properties": {
        "PolicyDocument": {
          "Statement": [
            {
              "Action": [
                "logs:CreateLogStream",
                "logs:PutLogEvents",
                "logs:DescribeLogStreams"
              ],
              "Effect": "Allow",
              "Resource": {
                "Fn::GetAtt": [
                  "VpcFlowLogLogGroup7B5C56B9",
                  "Arn"
                ]
              }
            },
            {
              "Action": "iam:PassRole",
              "Effect": "Allow",
              "Resource": {
                "Fn::GetAtt": [
                  "VpcFlowLogIAMRole6A475D41",
                  "Arn"
                ]
              }
            }
          ],
          "Version": "2012-10-17"
        },
        "PolicyName": "VpcFlowLogIAMRoleDefaultPolicy406FB995",
        "Roles": [
          {
            "Ref": "VpcFlowLogIAMRole6A475D41"
          }
        ]
      }
    },
    "VpcFlowLogLogGroup7B5C56B9": {
      "Type": "AWS::Logs::LogGroup",
      "Properties": {
        "RetentionInDays": 731
      },
      "UpdateReplacePolicy": "Retain",
      "DeletionPolicy": "Retain",
      "Metadata": {
        "cfn_nag": {
          "rules_to_suppress": [
            {
              "id": "W84",
              "reason": "By default CloudWatchLogs LogGroups data is encrypted using the CloudWatch server-side encryption keys (AWS Managed Keys)"
            }
          ]
        }
      }
    },
    "VpcFlowLog8FF33A73": {
      "Type": "AWS::EC2::FlowLog",
      "Properties": {
        "ResourceId": {
          "Ref": "Vpc8378EB38"
        },
        "ResourceType": "VPC",
        "TrafficType": "ALL",
        "DeliverLogsPermissionArn": {
          "Fn::GetAtt": [
            "VpcFlowLogIAMRole6A475D41",
            "Arn"
          ]
        },
        "LogDestinationType": "cloud-watch-logs",
        "LogGroupName": {
          "Ref": "VpcFlowLogLogGroup7B5C56B9"
        },
        "Tags": [
          {
            "Key": "Name",
            "Value": "no-arguments/Vpc"
          }
        ]
      }
    },
    "testwafwebaclalbtestwafwebaclalbWebACL994469BE": {
      "Type": "AWS::WAFv2::WebACL",
      "Properties": {
        "DefaultAction": {
          "Allow": {}
        },
        "Scope": "REGIONAL",
        "VisibilityConfig": {
          "CloudWatchMetricsEnabled": true,
          "MetricName": "webACL",
          "SampledRequestsEnabled": true
        },
        "Rules": [
          {
            "Name": "AWS-AWSManagedRulesBotControlRuleSet",
            "OverrideAction": {
              "None": {}
            },
            "Priority": 0,
            "Statement": {
              "ManagedRuleGroupStatement": {
                "Name": "AWSManagedRulesBotControlRuleSet",
                "VendorName": "AWS"
              }
            },
            "VisibilityConfig": {
              "CloudWatchMetricsEnabled": true,
              "MetricName": "AWSManagedRulesBotControlRuleSet",
              "SampledRequestsEnabled": true
            }
          },
          {
            "Name": "AWS-AWSManagedRulesKnownBadInputsRuleSet",
            "OverrideAction": {
              "None": {}
            },
            "Priority": 1,
            "Statement": {
              "ManagedRuleGroupStatement": {
                "Name": "AWSManagedRulesKnownBadInputsRuleSet",
                "VendorName": "AWS"
              }
            },
            "VisibilityConfig": {
              "CloudWatchMetricsEnabled": true,
              "MetricName": "AWSManagedRulesKnownBadInputsRuleSet",
              "SampledRequestsEnabled": true
            }
          },
          {
            "Name": "AWS-AWSManagedRulesCommonRuleSet",
            "OverrideAction": {
              "None": {}
            },
            "Priority": 2,
            "Statement": {
              "ManagedRuleGroupStatement": {
                "Name": "AWSManagedRulesCommonRuleSet",
                "VendorName": "AWS"
              }
            },
            "VisibilityConfig": {
              "CloudWatchMetricsEnabled": true,
              "MetricName": "AWSManagedRulesCommonRuleSet",
              "SampledRequestsEnabled": true
            }
          },
          {
            "Name": "AWS-AWSManagedRulesAnonymousIpList",
            "OverrideAction": {
              "None": {}
            },
            "Priority": 3,
            "Statement": {
              "ManagedRuleGroupStatement": {
                "Name": "AWSManagedRulesAnonymousIpList",
                "VendorName": "AWS"
              }
            },
            "VisibilityConfig": {
              "CloudWatchMetricsEnabled": true,
              "MetricName": "AWSManagedRulesAnonymousIpList",
              "SampledRequestsEnabled": true
            }
          },
          {
            "Name": "AWS-AWSManagedRulesAmazonIpReputationList",
            "OverrideAction": {
              "None": {}
            },
            "Priority": 4,
            "Statement": {
              "ManagedRuleGroupStatement": {
                "Name": "AWSManagedRulesAmazonIpReputationList",
                "VendorName": "AWS"
              }
            },
            "VisibilityConfig": {
              "CloudWatchMetricsEnabled": true,
              "MetricName": "AWSManagedRulesAmazonIpReputationList",
              "SampledRequestsEnabled": true
            }
          },
          {
            "Name": "AWS-AWSManagedRulesAdminProtectionRuleSet",
            "OverrideAction": {
              "None": {}
            },
            "Priority": 5,
            "Statement": {
              "ManagedRuleGroupStatement": {
                "Name": "AWSManagedRulesAdminProtectionRuleSet",
                "VendorName": "AWS"
              }
            },
            "VisibilityConfig": {
              "CloudWatchMetricsEnabled": true,
              "MetricName": "AWSManagedRulesAdminProtectionRuleSet",
              "SampledRequestsEnabled": true
            }
          },
          {
            "Name": "AWS-AWSManagedRulesSQLiRuleSet",
            "OverrideAction": {
              "None": {}
            },
            "Priority": 6,
            "Statement": {
              "ManagedRuleGroupStatement": {
                "Name": "AWSManagedRulesSQLiRuleSet",
                "VendorName": "AWS"
              }
            },
            "VisibilityConfig": {
              "CloudWatchMetricsEnabled": true,
              "MetricName": "AWSManagedRulesSQLiRuleSet",
              "SampledRequestsEnabled": true
            }
          }
        ]
      }
    },
    "testwafwebaclalbWebACLAssociation": {
      "Type": "AWS::WAFv2::WebACLAssociation",
      "Properties": {
        "ResourceArn": {
          "Ref": "Route53ToAlbPatternRoute53ToAlbPatternalb079FB48A"
        },
        "WebACLArn": {
          "Fn::GetAtt": [
            "testwafwebaclalbtestwafwebaclalbWebACL994469BE",
            "Arn"
          ]
        }
      }
    }
  },
  "Parameters": {
    "BootstrapVersion": {
      "Type": "AWS::SSM::Parameter::Value<String>",
      "Default": "/cdk-bootstrap/hnb659fds/version",
      "Description": "Version of the CDK Bootstrap resources in this environment, automatically retrieved from SSM Parameter Store."
    }
  },
  "Rules": {
    "CheckBootstrapVersion": {
      "Assertions": [
        {
          "Assert": {
            "Fn::Not": [
              {
                "Fn::Contains": [
                  [
                    "1",
                    "2",
                    "3",
                    "4",
                    "5"
                  ],
                  {
                    "Ref": "BootstrapVersion"
                  }
                ]
              }
            ]
          },
          "AssertDescription": "CDK bootstrap stack version 6 required. Please run 'cdk bootstrap' with a recent version of the CDK CLI."
        }
      ]
    }
  }
}