{
  "Resources": {
    "tests3sqstests3sqsWS3LoggingBucketDC831AFF": {
      "Type": "AWS::S3::Bucket",
      "Properties": {
        "AccessControl": "LogDeliveryWrite",
        "BucketEncryption": {
          "ServerSideEncryptionConfiguration": [
            {
              "ServerSideEncryptionByDefault": {
                "SSEAlgorithm": "AES256"
              }
            }
          ]
        },
        "BucketName": "custom-logging-bucket",
        "PublicAccessBlockConfiguration": {
          "BlockPublicAcls": true,
          "BlockPublicPolicy": true,
          "IgnorePublicAcls": true,
          "RestrictPublicBuckets": true
        },
        "VersioningConfiguration": {
          "Status": "Enabled"
        }
      },
      "UpdateReplacePolicy": "Delete",
      "DeletionPolicy": "Delete",
      "Metadata": {
        "cfn_nag": {
          "rules_to_suppress": [
            {
              "id": "W35",
              "reason": "This S3 bucket is used as the access logging bucket for another bucket"
            }
          ]
        }
      }
    },
    "tests3sqstests3sqsWS3LoggingBucketPolicy83FFB79E": {
      "Type": "AWS::S3::BucketPolicy",
      "Properties": {
        "Bucket": {
          "Ref": "tests3sqstests3sqsWS3LoggingBucketDC831AFF"
        },
        "PolicyDocument": {
          "Statement": [
            {
              "Action": "*",
              "Condition": {
                "Bool": {
                  "aws:SecureTransport": "false"
                }
              },
              "Effect": "Deny",
              "Principal": {
                "AWS": "*"
              },
              "Resource": [
                {
                  "Fn::Join": [
                    "",
                    [
                      {
                        "Fn::GetAtt": [
                          "tests3sqstests3sqsWS3LoggingBucketDC831AFF",
                          "Arn"
                        ]
                      },
                      "/*"
                    ]
                  ]
                },
                {
                  "Fn::GetAtt": [
                    "tests3sqstests3sqsWS3LoggingBucketDC831AFF",
                    "Arn"
                  ]
                }
              ],
              "Sid": "HttpsOnly"
            }
          ],
          "Version": "2012-10-17"
        }
      }
    },
    "tests3sqstests3sqsWS3BucketAAF3F399": {
      "Type": "AWS::S3::Bucket",
      "Properties": {
        "BucketEncryption": {
          "ServerSideEncryptionConfiguration": [
            {
              "ServerSideEncryptionByDefault": {
                "SSEAlgorithm": "AES256"
              }
            }
          ]
        },
        "LifecycleConfiguration": {
          "Rules": [
            {
              "NoncurrentVersionTransitions": [
                {
                  "StorageClass": "GLACIER",
                  "TransitionInDays": 90
                }
              ],
              "Status": "Enabled"
            }
          ]
        },
        "LoggingConfiguration": {
          "DestinationBucketName": {
            "Ref": "tests3sqstests3sqsWS3LoggingBucketDC831AFF"
          }
        },
        "PublicAccessBlockConfiguration": {
          "BlockPublicAcls": true,
          "BlockPublicPolicy": true,
          "IgnorePublicAcls": true,
          "RestrictPublicBuckets": true
        },
        "VersioningConfiguration": {
          "Status": "Enabled"
        }
      },
      "UpdateReplacePolicy": "Delete",
      "DeletionPolicy": "Delete"
    },
    "tests3sqstests3sqsWS3BucketPolicyA3D66920": {
      "Type": "AWS::S3::BucketPolicy",
      "Properties": {
        "Bucket": {
          "Ref": "tests3sqstests3sqsWS3BucketAAF3F399"
        },
        "PolicyDocument": {
          "Statement": [
            {
              "Action": "*",
              "Condition": {
                "Bool": {
                  "aws:SecureTransport": "false"
                }
              },
              "Effect": "Deny",
              "Principal": {
                "AWS": "*"
              },
              "Resource": [
                {
                  "Fn::Join": [
                    "",
                    [
                      {
                        "Fn::GetAtt": [
                          "tests3sqstests3sqsWS3BucketAAF3F399",
                          "Arn"
                        ]
                      },
                      "/*"
                    ]
                  ]
                },
                {
                  "Fn::GetAtt": [
                    "tests3sqstests3sqsWS3BucketAAF3F399",
                    "Arn"
                  ]
                }
              ],
              "Sid": "HttpsOnly"
            }
          ],
          "Version": "2012-10-17"
        }
      }
    },
    "tests3sqstests3sqsWCloudTrailS3LoggingBucket79F3850B": {
      "Type": "AWS::S3::Bucket",
      "Properties": {
        "AccessControl": "LogDeliveryWrite",
        "BucketEncryption": {
          "ServerSideEncryptionConfiguration": [
            {
              "ServerSideEncryptionByDefault": {
                "SSEAlgorithm": "AES256"
              }
            }
          ]
        },
        "PublicAccessBlockConfiguration": {
          "BlockPublicAcls": true,
          "BlockPublicPolicy": true,
          "IgnorePublicAcls": true,
          "RestrictPublicBuckets": true
        },
        "VersioningConfiguration": {
          "Status": "Enabled"
        }
      },
      "UpdateReplacePolicy": "Retain",
      "DeletionPolicy": "Retain",
      "Metadata": {
        "cfn_nag": {
          "rules_to_suppress": [
            {
              "id": "W35",
              "reason": "This S3 bucket is used as the access logging bucket for another bucket"
            }
          ]
        }
      }
    },
    "tests3sqstests3sqsWCloudTrailS3LoggingBucketPolicy866D100A": {
      "Type": "AWS::S3::BucketPolicy",
      "Properties": {
        "Bucket": {
          "Ref": "tests3sqstests3sqsWCloudTrailS3LoggingBucket79F3850B"
        },
        "PolicyDocument": {
          "Statement": [
            {
              "Action": "*",
              "Condition": {
                "Bool": {
                  "aws:SecureTransport": "false"
                }
              },
              "Effect": "Deny",
              "Principal": {
                "AWS": "*"
              },
              "Resource": [
                {
                  "Fn::Join": [
                    "",
                    [
                      {
                        "Fn::GetAtt": [
                          "tests3sqstests3sqsWCloudTrailS3LoggingBucket79F3850B",
                          "Arn"
                        ]
                      },
                      "/*"
                    ]
                  ]
                },
                {
                  "Fn::GetAtt": [
                    "tests3sqstests3sqsWCloudTrailS3LoggingBucket79F3850B",
                    "Arn"
                  ]
                }
              ],
              "Sid": "HttpsOnly"
            }
          ],
          "Version": "2012-10-17"
        }
      }
    },
    "tests3sqstests3sqsWCloudTrailS3Bucket75A40532": {
      "Type": "AWS::S3::Bucket",
      "Properties": {
        "BucketEncryption": {
          "ServerSideEncryptionConfiguration": [
            {
              "ServerSideEncryptionByDefault": {
                "SSEAlgorithm": "AES256"
              }
            }
          ]
        },
        "LifecycleConfiguration": {
          "Rules": [
            {
              "NoncurrentVersionTransitions": [
                {
                  "StorageClass": "GLACIER",
                  "TransitionInDays": 90
                }
              ],
              "Status": "Enabled"
            }
          ]
        },
        "LoggingConfiguration": {
          "DestinationBucketName": {
            "Ref": "tests3sqstests3sqsWCloudTrailS3LoggingBucket79F3850B"
          }
        },
        "PublicAccessBlockConfiguration": {
          "BlockPublicAcls": true,
          "BlockPublicPolicy": true,
          "IgnorePublicAcls": true,
          "RestrictPublicBuckets": true
        },
        "VersioningConfiguration": {
          "Status": "Enabled"
        }
      },
      "UpdateReplacePolicy": "Retain",
      "DeletionPolicy": "Retain"
    },
    "tests3sqstests3sqsWCloudTrailS3BucketPolicy357BA4A7": {
      "Type": "AWS::S3::BucketPolicy",
      "Properties": {
        "Bucket": {
          "Ref": "tests3sqstests3sqsWCloudTrailS3Bucket75A40532"
        },
        "PolicyDocument": {
          "Statement": [
            {
              "Action": "*",
              "Condition": {
                "Bool": {
                  "aws:SecureTransport": "false"
                }
              },
              "Effect": "Deny",
              "Principal": {
                "AWS": "*"
              },
              "Resource": [
                {
                  "Fn::Join": [
                    "",
                    [
                      {
                        "Fn::GetAtt": [
                          "tests3sqstests3sqsWCloudTrailS3Bucket75A40532",
                          "Arn"
                        ]
                      },
                      "/*"
                    ]
                  ]
                },
                {
                  "Fn::GetAtt": [
                    "tests3sqstests3sqsWCloudTrailS3Bucket75A40532",
                    "Arn"
                  ]
                }
              ],
              "Sid": "HttpsOnly"
            },
            {
              "Action": "s3:GetBucketAcl",
              "Effect": "Allow",
              "Principal": {
                "Service": "cloudtrail.amazonaws.com"
              },
              "Resource": {
                "Fn::GetAtt": [
                  "tests3sqstests3sqsWCloudTrailS3Bucket75A40532",
                  "Arn"
                ]
              }
            },
            {
              "Action": "s3:PutObject",
              "Condition": {
                "StringEquals": {
                  "s3:x-amz-acl": "bucket-owner-full-control"
                }
              },
              "Effect": "Allow",
              "Principal": {
                "Service": "cloudtrail.amazonaws.com"
              },
              "Resource": {
                "Fn::Join": [
                  "",
                  [
                    {
                      "Fn::GetAtt": [
                        "tests3sqstests3sqsWCloudTrailS3Bucket75A40532",
                        "Arn"
                      ]
                    },
                    "/AWSLogs/",
                    {
                      "Ref": "AWS::AccountId"
                    },
                    "/*"
                  ]
                ]
              }
            }
          ],
          "Version": "2012-10-17"
        }
      }
    },
    "tests3sqstests3sqsWS3EventsTrail6EC12A2F": {
      "Type": "AWS::CloudTrail::Trail",
      "Properties": {
        "IsLogging": true,
        "S3BucketName": {
          "Ref": "tests3sqstests3sqsWCloudTrailS3Bucket75A40532"
        },
        "EnableLogFileValidation": true,
        "EventSelectors": [
          {
            "DataResources": [
              {
                "Type": "AWS::S3::Object",
                "Values": [
                  {
                    "Fn::Join": [
                      "",
                      [
                        {
                          "Fn::GetAtt": [
                            "tests3sqstests3sqsWS3BucketAAF3F399",
                            "Arn"
                          ]
                        },
                        "/"
                      ]
                    ]
                  }
                ]
              }
            ],
            "IncludeManagementEvents": false,
            "ReadWriteType": "All"
          }
        ],
        "IncludeGlobalServiceEvents": true,
        "IsMultiRegionTrail": true
      },
      "DependsOn": [
        "tests3sqstests3sqsWCloudTrailS3BucketPolicy357BA4A7"
      ]
    },
    "tests3sqstests3sqsWtests3sqsWeventrulestepfunctionconstructStateMachineLogGroupA6EAAE37": {
      "Type": "AWS::Logs::LogGroup",
      "Properties": {
        "LogGroupName": "/aws/vendedlogs/states/customloggingbuckettests3sqsweventrulestepfunctionconstructstatemachinelog2001fa2e031d"
      },
      "UpdateReplacePolicy": "Retain",
      "DeletionPolicy": "Retain",
      "Metadata": {
        "cfn_nag": {
          "rules_to_suppress": [
            {
              "id": "W86",
              "reason": "Retention period for CloudWatchLogs LogGroups are set to 'Never Expire' to preserve customer data indefinitely"
            },
            {
              "id": "W84",
              "reason": "By default CloudWatchLogs LogGroups data is encrypted using the CloudWatch server-side encryption keys (AWS Managed Keys)"
            }
          ]
        }
      }
    },
    "tests3sqstests3sqsWtests3sqsWeventrulestepfunctionconstructStateMachineRole525C2412": {
      "Type": "AWS::IAM::Role",
      "Properties": {
        "AssumeRolePolicyDocument": {
          "Statement": [
            {
              "Action": "sts:AssumeRole",
              "Effect": "Allow",
              "Principal": {
                "Service": {
                  "Fn::Join": [
                    "",
                    [
                      "states.",
                      {
                        "Ref": "AWS::Region"
                      },
                      ".amazonaws.com"
                    ]
                  ]
                }
              }
            }
          ],
          "Version": "2012-10-17"
        }
      }
    },
    "tests3sqstests3sqsWtests3sqsWeventrulestepfunctionconstructStateMachineRoleDefaultPolicyC00CFBB6": {
      "Type": "AWS::IAM::Policy",
      "Properties": {
        "PolicyDocument": {
          "Statement": [
            {
              "Action": [
                "logs:CreateLogDelivery",
                "logs:GetLogDelivery",
                "logs:UpdateLogDelivery",
                "logs:DeleteLogDelivery",
                "logs:ListLogDeliveries"
              ],
              "Effect": "Allow",
              "Resource": "*"
            },
            {
              "Action": [
                "logs:PutResourcePolicy",
                "logs:DescribeResourcePolicies",
                "logs:DescribeLogGroups"
              ],
              "Effect": "Allow",
              "Resource": {
                "Fn::Join": [
                  "",
                  [
                    "arn:",
                    {
                      "Ref": "AWS::Partition"
                    },
                    ":logs:",
                    {
                      "Ref": "AWS::Region"
                    },
                    ":",
                    {
                      "Ref": "AWS::AccountId"
                    },
                    ":*"
                  ]
                ]
              }
            }
          ],
          "Version": "2012-10-17"
        },
        "PolicyName": "tests3sqstests3sqsWtests3sqsWeventrulestepfunctionconstructStateMachineRoleDefaultPolicyC00CFBB6",
        "Roles": [
          {
            "Ref": "tests3sqstests3sqsWtests3sqsWeventrulestepfunctionconstructStateMachineRole525C2412"
          }
        ]
      },
      "Metadata": {
        "cfn_nag": {
          "rules_to_suppress": [
            {
              "id": "W12",
              "reason": "The 'LogDelivery' actions do not support resource-level authorizations"
            }
          ]
        }
      }
    },
    "tests3sqstests3sqsWtests3sqsWeventrulestepfunctionconstructStateMachine5A344FD6": {
      "Type": "AWS::StepFunctions::StateMachine",
      "Properties": {
        "RoleArn": {
          "Fn::GetAtt": [
            "tests3sqstests3sqsWtests3sqsWeventrulestepfunctionconstructStateMachineRole525C2412",
            "Arn"
          ]
        },
        "DefinitionString": "{\"StartAt\":\"StartState\",\"States\":{\"StartState\":{\"Type\":\"Pass\",\"End\":true}}}",
        "LoggingConfiguration": {
          "Destinations": [
            {
              "CloudWatchLogsLogGroup": {
                "LogGroupArn": {
                  "Fn::GetAtt": [
                    "tests3sqstests3sqsWtests3sqsWeventrulestepfunctionconstructStateMachineLogGroupA6EAAE37",
                    "Arn"
                  ]
                }
              }
            }
          ],
          "Level": "ERROR"
        }
      },
      "DependsOn": [
        "tests3sqstests3sqsWtests3sqsWeventrulestepfunctionconstructStateMachineRoleDefaultPolicyC00CFBB6",
        "tests3sqstests3sqsWtests3sqsWeventrulestepfunctionconstructStateMachineRole525C2412"
      ]
    },
    "tests3sqstests3sqsWtests3sqsWeventrulestepfunctionconstructEventsRuleRole425B9700": {
      "Type": "AWS::IAM::Role",
      "Properties": {
        "AssumeRolePolicyDocument": {
          "Statement": [
            {
              "Action": "sts:AssumeRole",
              "Effect": "Allow",
              "Principal": {
                "Service": "events.amazonaws.com"
              }
            }
          ],
          "Version": "2012-10-17"
        }
      }
    },
    "tests3sqstests3sqsWtests3sqsWeventrulestepfunctionconstructEventsRuleRoleDefaultPolicy5231095F": {
      "Type": "AWS::IAM::Policy",
      "Properties": {
        "PolicyDocument": {
          "Statement": [
            {
              "Action": "states:StartExecution",
              "Effect": "Allow",
              "Resource": {
                "Ref": "tests3sqstests3sqsWtests3sqsWeventrulestepfunctionconstructStateMachine5A344FD6"
              }
            }
          ],
          "Version": "2012-10-17"
        },
        "PolicyName": "tests3sqstests3sqsWtests3sqsWeventrulestepfunctionconstructEventsRuleRoleDefaultPolicy5231095F",
        "Roles": [
          {
            "Ref": "tests3sqstests3sqsWtests3sqsWeventrulestepfunctionconstructEventsRuleRole425B9700"
          }
        ]
      }
    },
    "tests3sqstests3sqsWtests3sqsWeventrulestepfunctionconstructEventsRuleEB82875F": {
      "Type": "AWS::Events::Rule",
      "Properties": {
        "EventPattern": {
          "source": [
            "aws.s3"
          ],
          "detail-type": [
            "AWS API Call via CloudTrail"
          ],
          "detail": {
            "eventSource": [
              "s3.amazonaws.com"
            ],
            "eventName": [
              "PutObject",
              "CopyObject",
              "CompleteMultipartUpload"
            ],
            "requestParameters": {
              "bucketName": [
                {
                  "Ref": "tests3sqstests3sqsWS3BucketAAF3F399"
                }
              ]
            }
          }
        },
        "State": "ENABLED",
        "Targets": [
          {
            "Arn": {
              "Ref": "tests3sqstests3sqsWtests3sqsWeventrulestepfunctionconstructStateMachine5A344FD6"
            },
            "Id": "Target0",
            "RoleArn": {
              "Fn::GetAtt": [
                "tests3sqstests3sqsWtests3sqsWeventrulestepfunctionconstructEventsRuleRole425B9700",
                "Arn"
              ]
            }
          }
        ]
      }
    },
    "tests3sqstests3sqsWtests3sqsWeventrulestepfunctionconstructExecutionFailedAlarm7047F306": {
      "Type": "AWS::CloudWatch::Alarm",
      "Properties": {
        "ComparisonOperator": "GreaterThanOrEqualToThreshold",
        "EvaluationPeriods": 1,
        "AlarmDescription": "Alarm for the number of executions that failed exceeded the threshold of 1. ",
        "Dimensions": [
          {
            "Name": "StateMachineArn",
            "Value": {
              "Ref": "tests3sqstests3sqsWtests3sqsWeventrulestepfunctionconstructStateMachine5A344FD6"
            }
          }
        ],
        "MetricName": "ExecutionsFailed",
        "Namespace": "AWS/States",
        "Period": 300,
        "Statistic": "Sum",
        "Threshold": 1
      }
    },
    "tests3sqstests3sqsWtests3sqsWeventrulestepfunctionconstructExecutionThrottledAlarm9320A24F": {
      "Type": "AWS::CloudWatch::Alarm",
      "Properties": {
        "ComparisonOperator": "GreaterThanOrEqualToThreshold",
        "EvaluationPeriods": 1,
        "AlarmDescription": "Alarm for the number of executions that throttled exceeded the threshold of 1. ",
        "Dimensions": [
          {
            "Name": "StateMachineArn",
            "Value": {
              "Ref": "tests3sqstests3sqsWtests3sqsWeventrulestepfunctionconstructStateMachine5A344FD6"
            }
          }
        ],
        "MetricName": "ExecutionThrottled",
        "Namespace": "AWS/States",
        "Period": 300,
        "Statistic": "Sum",
        "Threshold": 1
      }
    },
    "tests3sqstests3sqsWtests3sqsWeventrulestepfunctionconstructExecutionAbortedAlarm1904AD6D": {
      "Type": "AWS::CloudWatch::Alarm",
      "Properties": {
        "ComparisonOperator": "GreaterThanOrEqualToThreshold",
        "EvaluationPeriods": 1,
        "AlarmDescription": "Alarm for the number of executions that aborted exceeded the threshold of 1. ",
        "Dimensions": [
          {
            "Name": "StateMachineArn",
            "Value": {
              "Ref": "tests3sqstests3sqsWtests3sqsWeventrulestepfunctionconstructStateMachine5A344FD6"
            }
          }
        ],
        "MetricName": "ExecutionsAborted",
        "Namespace": "AWS/States",
        "Period": 300,
        "Statistic": "Maximum",
        "Threshold": 1
      }
    }
  }
}