// Jest Snapshot v1, https://goo.gl/fbAQLP

exports[`snapshot test EventsRuleToSqs default params 1`] = `
Object {
  "Resources": Object {
    "testeventsrulesqsEncryptionKeyBE286B75": Object {
      "DeletionPolicy": "Retain",
      "Properties": Object {
        "EnableKeyRotation": true,
        "KeyPolicy": Object {
          "Statement": Array [
            Object {
              "Action": Array [
                "kms:Create*",
                "kms:Describe*",
                "kms:Enable*",
                "kms:List*",
                "kms:Put*",
                "kms:Update*",
                "kms:Revoke*",
                "kms:Disable*",
                "kms:Get*",
                "kms:Delete*",
                "kms:ScheduleKeyDeletion",
                "kms:CancelKeyDeletion",
                "kms:GenerateDataKey",
                "kms:TagResource",
                "kms:UntagResource",
              ],
              "Effect": "Allow",
              "Principal": Object {
                "AWS": Object {
                  "Fn::Join": Array [
                    "",
                    Array [
                      "arn:",
                      Object {
                        "Ref": "AWS::Partition",
                      },
                      ":iam::",
                      Object {
                        "Ref": "AWS::AccountId",
                      },
                      ":root",
                    ],
                  ],
                },
              },
              "Resource": "*",
            },
            Object {
              "Action": Array [
                "kms:Decrypt",
                "kms:Encrypt",
                "kms:ReEncrypt*",
                "kms:GenerateDataKey*",
              ],
              "Effect": "Allow",
              "Principal": Object {
                "Service": "events.amazonaws.com",
              },
              "Resource": "*",
            },
          ],
          "Version": "2012-10-17",
        },
      },
      "Type": "AWS::KMS::Key",
      "UpdateReplacePolicy": "Retain",
    },
    "testeventsrulesqsEventsRuleB8331DF3": Object {
      "Properties": Object {
        "ScheduleExpression": "rate(5 minutes)",
        "State": "ENABLED",
        "Targets": Array [
          Object {
            "Arn": Object {
              "Fn::GetAtt": Array [
                "testeventsrulesqsqueue3AC8B87A",
                "Arn",
              ],
            },
            "Id": Object {
              "Fn::GetAtt": Array [
                "testeventsrulesqsqueue3AC8B87A",
                "QueueName",
              ],
            },
          },
        ],
      },
      "Type": "AWS::Events::Rule",
    },
    "testeventsrulesqsdeadLetterQueue3597FD50": Object {
      "DeletionPolicy": "Delete",
      "Properties": Object {
        "KmsMasterKeyId": "alias/aws/sqs",
      },
      "Type": "AWS::SQS::Queue",
      "UpdateReplacePolicy": "Delete",
    },
    "testeventsrulesqsdeadLetterQueuePolicyA7F8234C": Object {
      "Properties": Object {
        "PolicyDocument": Object {
          "Statement": Array [
            Object {
              "Action": Array [
                "sqs:DeleteMessage",
                "sqs:ReceiveMessage",
                "sqs:SendMessage",
                "sqs:GetQueueAttributes",
                "sqs:RemovePermission",
                "sqs:AddPermission",
                "sqs:SetQueueAttributes",
              ],
              "Effect": "Allow",
              "Principal": Object {
                "AWS": Object {
                  "Fn::Join": Array [
                    "",
                    Array [
                      "arn:",
                      Object {
                        "Ref": "AWS::Partition",
                      },
                      ":iam::",
                      Object {
                        "Ref": "AWS::AccountId",
                      },
                      ":root",
                    ],
                  ],
                },
              },
              "Resource": Object {
                "Fn::GetAtt": Array [
                  "testeventsrulesqsdeadLetterQueue3597FD50",
                  "Arn",
                ],
              },
              "Sid": "QueueOwnerOnlyAccess",
            },
            Object {
              "Action": "SQS:*",
              "Condition": Object {
                "Bool": Object {
                  "aws:SecureTransport": "false",
                },
              },
              "Effect": "Deny",
              "Principal": Object {
                "AWS": "*",
              },
              "Resource": Object {
                "Fn::GetAtt": Array [
                  "testeventsrulesqsdeadLetterQueue3597FD50",
                  "Arn",
                ],
              },
              "Sid": "HttpsOnly",
            },
          ],
          "Version": "2012-10-17",
        },
        "Queues": Array [
          Object {
            "Ref": "testeventsrulesqsdeadLetterQueue3597FD50",
          },
        ],
      },
      "Type": "AWS::SQS::QueuePolicy",
    },
    "testeventsrulesqsqueue3AC8B87A": Object {
      "DeletionPolicy": "Delete",
      "Properties": Object {
        "KmsMasterKeyId": Object {
          "Fn::GetAtt": Array [
            "testeventsrulesqsEncryptionKeyBE286B75",
            "Arn",
          ],
        },
        "RedrivePolicy": Object {
          "deadLetterTargetArn": Object {
            "Fn::GetAtt": Array [
              "testeventsrulesqsdeadLetterQueue3597FD50",
              "Arn",
            ],
          },
          "maxReceiveCount": 15,
        },
      },
      "Type": "AWS::SQS::Queue",
      "UpdateReplacePolicy": "Delete",
    },
    "testeventsrulesqsqueuePolicy16ABC79A": Object {
      "Properties": Object {
        "PolicyDocument": Object {
          "Statement": Array [
            Object {
              "Action": Array [
                "sqs:DeleteMessage",
                "sqs:ReceiveMessage",
                "sqs:SendMessage",
                "sqs:GetQueueAttributes",
                "sqs:RemovePermission",
                "sqs:AddPermission",
                "sqs:SetQueueAttributes",
              ],
              "Effect": "Allow",
              "Principal": Object {
                "AWS": Object {
                  "Fn::Join": Array [
                    "",
                    Array [
                      "arn:",
                      Object {
                        "Ref": "AWS::Partition",
                      },
                      ":iam::",
                      Object {
                        "Ref": "AWS::AccountId",
                      },
                      ":root",
                    ],
                  ],
                },
              },
              "Resource": Object {
                "Fn::GetAtt": Array [
                  "testeventsrulesqsqueue3AC8B87A",
                  "Arn",
                ],
              },
              "Sid": "QueueOwnerOnlyAccess",
            },
            Object {
              "Action": "SQS:*",
              "Condition": Object {
                "Bool": Object {
                  "aws:SecureTransport": "false",
                },
              },
              "Effect": "Deny",
              "Principal": Object {
                "AWS": "*",
              },
              "Resource": Object {
                "Fn::GetAtt": Array [
                  "testeventsrulesqsqueue3AC8B87A",
                  "Arn",
                ],
              },
              "Sid": "HttpsOnly",
            },
            Object {
              "Action": Array [
                "sqs:SendMessage",
                "sqs:GetQueueAttributes",
                "sqs:GetQueueUrl",
              ],
              "Effect": "Allow",
              "Principal": Object {
                "Service": "events.amazonaws.com",
              },
              "Resource": Object {
                "Fn::GetAtt": Array [
                  "testeventsrulesqsqueue3AC8B87A",
                  "Arn",
                ],
              },
            },
          ],
          "Version": "2012-10-17",
        },
        "Queues": Array [
          Object {
            "Ref": "testeventsrulesqsqueue3AC8B87A",
          },
        ],
      },
      "Type": "AWS::SQS::QueuePolicy",
    },
  },
}
`;
