{
  "Resources": {
    "testdeadLetterQueue001D78A6": {
      "Type": "AWS::SQS::Queue",
      "Properties": {
        "KmsMasterKeyId": "alias/aws/sqs"
      },
      "UpdateReplacePolicy": "Delete",
      "DeletionPolicy": "Delete"
    },
    "testdeadLetterQueuePolicy1C591E35": {
      "Type": "AWS::SQS::QueuePolicy",
      "Properties": {
        "PolicyDocument": {
          "Statement": [
            {
              "Action": [
                "sqs:DeleteMessage",
                "sqs:ReceiveMessage",
                "sqs:SendMessage",
                "sqs:GetQueueAttributes",
                "sqs:RemovePermission",
                "sqs:AddPermission",
                "sqs:SetQueueAttributes"
              ],
              "Effect": "Allow",
              "Principal": {
                "AWS": {
                  "Fn::Join": [
                    "",
                    [
                      "arn:",
                      {
                        "Ref": "AWS::Partition"
                      },
                      ":iam::",
                      {
                        "Ref": "AWS::AccountId"
                      },
                      ":root"
                    ]
                  ]
                }
              },
              "Resource": {
                "Fn::GetAtt": [
                  "testdeadLetterQueue001D78A6",
                  "Arn"
                ]
              },
              "Sid": "QueueOwnerOnlyAccess"
            },
            {
              "Action": "SQS:*",
              "Condition": {
                "Bool": {
                  "aws:SecureTransport": "false"
                }
              },
              "Effect": "Deny",
              "Principal": {
                "AWS": "*"
              },
              "Resource": {
                "Fn::GetAtt": [
                  "testdeadLetterQueue001D78A6",
                  "Arn"
                ]
              },
              "Sid": "HttpsOnly"
            }
          ],
          "Version": "2012-10-17"
        },
        "Queues": [
          {
            "Ref": "testdeadLetterQueue001D78A6"
          }
        ]
      }
    },
    "testEncryptionKey7058DF17": {
      "Type": "AWS::KMS::Key",
      "Properties": {
        "KeyPolicy": {
          "Statement": [
            {
              "Action": [
                "kms:Create*",
                "kms:Describe*",
                "kms:Enable*",
                "kms:List*",
                "kms:Put*",
                "kms:Update*",
                "kms:Revoke*",
                "kms:Disable*",
                "kms:Get*",
                "kms:Delete*",
                "kms:ScheduleKeyDeletion",
                "kms:CancelKeyDeletion",
                "kms:GenerateDataKey",
                "kms:TagResource",
                "kms:UntagResource"
              ],
              "Effect": "Allow",
              "Principal": {
                "AWS": {
                  "Fn::Join": [
                    "",
                    [
                      "arn:",
                      {
                        "Ref": "AWS::Partition"
                      },
                      ":iam::",
                      {
                        "Ref": "AWS::AccountId"
                      },
                      ":root"
                    ]
                  ]
                }
              },
              "Resource": "*"
            },
            {
              "Action": [
                "kms:Decrypt",
                "kms:Encrypt",
                "kms:ReEncrypt*",
                "kms:GenerateDataKey*"
              ],
              "Effect": "Allow",
              "Principal": {
                "Service": "events.amazonaws.com"
              },
              "Resource": "*"
            }
          ],
          "Version": "2012-10-17"
        },
        "EnableKeyRotation": true
      },
      "UpdateReplacePolicy": "Retain",
      "DeletionPolicy": "Retain"
    },
    "testqueueA8F85B80": {
      "Type": "AWS::SQS::Queue",
      "Properties": {
        "KmsMasterKeyId": {
          "Fn::GetAtt": [
            "testEncryptionKey7058DF17",
            "Arn"
          ]
        },
        "RedrivePolicy": {
          "deadLetterTargetArn": {
            "Fn::GetAtt": [
              "testdeadLetterQueue001D78A6",
              "Arn"
            ]
          },
          "maxReceiveCount": 15
        }
      },
      "UpdateReplacePolicy": "Delete",
      "DeletionPolicy": "Delete"
    },
    "testqueuePolicyE0A8293D": {
      "Type": "AWS::SQS::QueuePolicy",
      "Properties": {
        "PolicyDocument": {
          "Statement": [
            {
              "Action": [
                "sqs:DeleteMessage",
                "sqs:ReceiveMessage",
                "sqs:SendMessage",
                "sqs:GetQueueAttributes",
                "sqs:RemovePermission",
                "sqs:AddPermission",
                "sqs:SetQueueAttributes"
              ],
              "Effect": "Allow",
              "Principal": {
                "AWS": {
                  "Fn::Join": [
                    "",
                    [
                      "arn:",
                      {
                        "Ref": "AWS::Partition"
                      },
                      ":iam::",
                      {
                        "Ref": "AWS::AccountId"
                      },
                      ":root"
                    ]
                  ]
                }
              },
              "Resource": {
                "Fn::GetAtt": [
                  "testqueueA8F85B80",
                  "Arn"
                ]
              },
              "Sid": "QueueOwnerOnlyAccess"
            },
            {
              "Action": "SQS:*",
              "Condition": {
                "Bool": {
                  "aws:SecureTransport": "false"
                }
              },
              "Effect": "Deny",
              "Principal": {
                "AWS": "*"
              },
              "Resource": {
                "Fn::GetAtt": [
                  "testqueueA8F85B80",
                  "Arn"
                ]
              },
              "Sid": "HttpsOnly"
            },
            {
              "Action": [
                "sqs:SendMessage",
                "sqs:GetQueueAttributes",
                "sqs:GetQueueUrl"
              ],
              "Effect": "Allow",
              "Principal": {
                "Service": "events.amazonaws.com"
              },
              "Resource": {
                "Fn::GetAtt": [
                  "testqueueA8F85B80",
                  "Arn"
                ]
              }
            }
          ],
          "Version": "2012-10-17"
        },
        "Queues": [
          {
            "Ref": "testqueueA8F85B80"
          }
        ]
      }
    },
    "testEventsRuleC345F4C7": {
      "Type": "AWS::Events::Rule",
      "Properties": {
        "ScheduleExpression": "rate(5 minutes)",
        "State": "ENABLED",
        "Targets": [
          {
            "Arn": {
              "Fn::GetAtt": [
                "testqueueA8F85B80",
                "Arn"
              ]
            },
            "Id": {
              "Fn::GetAtt": [
                "testqueueA8F85B80",
                "QueueName"
              ]
            }
          }
        ]
      }
    }
  }
}